KRX 濡쒓렇�씤 �떎�뙣: KRX_ID �삉�뒗 KRX_PW �솚寃� 蹂��닔媛� �꽕�젙�릺吏� �븡�븯�뒿�땲�떎.
KRX 濡쒓렇�씤 �떎�뙣: KRX_ID �삉�뒗 KRX_PW �솚寃� 蹂��닔媛� �꽕�젙�릺吏� �븡�븯�뒿�땲�떎.

445 INFO: PyInstaller: 6.21.0, contrib hooks: 2026.6
445 INFO: Python: 3.14.4
558 INFO: Platform: Windows-11-10.0.26200-SP0
558 INFO: Python environment: C:\Users\DHLIM\AppData\Local\Python\pythoncore-3.14-64
567 INFO: Removing temporary files and cleaning cache in C:\Users\DHLIM\AppData\Local\pyinstaller
17393 INFO: Module search paths (PYTHONPATH):
['d:\\3. 업무 (GitHub)\\Stock-CIO',
 'C:\\Users\\DHLIM\\AppData\\Local\\Python\\pythoncore-3.14-64\\python314.zip',
 'C:\\Users\\DHLIM\\AppData\\Local\\Python\\pythoncore-3.14-64\\DLLs',
 'C:\\Users\\DHLIM\\AppData\\Local\\Python\\pythoncore-3.14-64\\Lib',
 'C:\\Users\\DHLIM\\AppData\\Local\\Python\\pythoncore-3.14-64',
 'C:\\Users\\DHLIM\\AppData\\Local\\Python\\pythoncore-3.14-64\\Lib\\site-packages',
 'd:\\3. 업무 (GitHub)\\Stock-CIO']
18762 INFO: Appending 'datas' from .spec
19399 INFO: checking Analysis
19400 INFO: Building Analysis because Analysis-00.toc is non existent
19400 INFO: Looking for Python shared library...
19400 INFO: Using Python shared library: C:\Users\DHLIM\AppData\Local\Python\pythoncore-3.14-64\python314.dll
19400 INFO: Running Analysis Analysis-00.toc
19400 INFO: Target bytecode optimization level: 0
19400 INFO: Initializing module dependency graph...
19407 INFO: Initializing module graph hook caches...
19472 INFO: Analyzing modules for base_library.zip ...
24598 INFO: Processing standard module hook 'hook-encodings.py' from 'C:\\Users\\DHLIM\\AppData\\Local\\Python\\pythoncore-3.14-64\\Lib\\site-packages\\PyInstaller\\hooks'
26706 INFO: Processing standard module hook 'hook-pickle.py' from 'C:\\Users\\DHLIM\\AppData\\Local\\Python\\pythoncore-3.14-64\\Lib\\site-packages\\PyInstaller\\hooks'
27666 INFO: Processing standard module hook 'hook-math.py' from 'C:\\Users\\DHLIM\\AppData\\Local\\Python\\pythoncore-3.14-64\\Lib\\site-packages\\PyInstaller\\hooks'
28275 INFO: Processing standard module hook 'hook-difflib.py' from 'C:\\Users\\DHLIM\\AppData\\Local\\Python\\pythoncore-3.14-64\\Lib\\site-packages\\PyInstaller\\hooks'
28331 INFO: Processing standard module hook 'hook-heapq.py' from 'C:\\Users\\DHLIM\\AppData\\Local\\Python\\pythoncore-3.14-64\\Lib\\site-packages\\PyInstaller\\hooks'
35686 INFO: Caching module dependency graph...
35794 INFO: Analyzing d:\3. 업무 (GitHub)\Stock-CIO\desktop_main.py
35797 INFO: Processing pre-find-module-path hook 'hook-tkinter.py' from 'C:\\Users\\DHLIM\\AppData\\Local\\Python\\pythoncore-3.14-64\\Lib\\site-packages\\PyInstaller\\hooks\\pre_find_module_path'
35800 INFO: TclTkInfo: initializing cached Tcl/Tk info...
38165 INFO: Processing standard module hook 'hook-_tkinter.py' from 'C:\\Users\\DHLIM\\AppData\\Local\\Python\\pythoncore-3.14-64\\Lib\\site-packages\\PyInstaller\\hooks'
39319 INFO: Processing standard module hook 'hook-numpy.py' from 'C:\\Users\\DHLIM\\AppData\\Local\\Python\\pythoncore-3.14-64\\Lib\\site-packages\\PyInstaller\\hooks'
40813 INFO: Processing pre-safe-import-module hook 'hook-typing_extensions.py' from 'C:\\Users\\DHLIM\\AppData\\Local\\Python\\pythoncore-3.14-64\\Lib\\site-packages\\PyInstaller\\hooks\\pre_safe_import_module'
40818 INFO: SetuptoolsInfo: initializing cached setuptools info...
44125 INFO: Processing standard module hook 'hook-multiprocessing.util.py' from 'C:\\Users\\DHLIM\\AppData\\Local\\Python\\pythoncore-3.14-64\\Lib\\site-packages\\PyInstaller\\hooks'
44491 INFO: Processing standard module hook 'hook-xml.py' from 'C:\\Users\\DHLIM\\AppData\\Local\\Python\\pythoncore-3.14-64\\Lib\\site-packages\\PyInstaller\\hooks'
45511 INFO: Processing standard module hook 'hook-sysconfig.py' from 'C:\\Users\\DHLIM\\AppData\\Local\\Python\\pythoncore-3.14-64\\Lib\\site-packages\\PyInstaller\\hooks'
45530 INFO: Processing standard module hook 'hook-_ctypes.py' from 'C:\\Users\\DHLIM\\AppData\\Local\\Python\\pythoncore-3.14-64\\Lib\\site-packages\\PyInstaller\\hooks'
48533 INFO: Processing standard module hook 'hook-platform.py' from 'C:\\Users\\DHLIM\\AppData\\Local\\Python\\pythoncore-3.14-64\\Lib\\site-packages\\PyInstaller\\hooks'
51084 INFO: Processing standard module hook 'hook-webbrowser.py' from 'C:\\Users\\DHLIM\\AppData\\Local\\Python\\pythoncore-3.14-64\\Lib\\site-packages\\PyInstaller\\hooks'
56605 INFO: Processing standard module hook 'hook-charset_normalizer.py' from 'C:\\Users\\DHLIM\\AppData\\Local\\Python\\pythoncore-3.14-64\\Lib\\site-packages\\_pyinstaller_hooks_contrib\\stdhooks'
58267 INFO: Processing standard module hook 'hook-pandas.py' from 'C:\\Users\\DHLIM\\AppData\\Local\\Python\\pythoncore-3.14-64\\Lib\\site-packages\\PyInstaller\\hooks'
65449 INFO: Processing standard module hook 'hook-pytz.py' from 'C:\\Users\\DHLIM\\AppData\\Local\\Python\\pythoncore-3.14-64\\Lib\\site-packages\\PyInstaller\\hooks'
79832 INFO: Processing standard module hook 'hook-pandas.io.formats.style.py' from 'C:\\Users\\DHLIM\\AppData\\Local\\Python\\pythoncore-3.14-64\\Lib\\site-packages\\PyInstaller\\hooks'
88769 INFO: Processing standard module hook 'hook-pandas.plotting.py' from 'C:\\Users\\DHLIM\\AppData\\Local\\Python\\pythoncore-3.14-64\\Lib\\site-packages\\PyInstaller\\hooks'
89014 INFO: Processing standard module hook 'hook-matplotlib.py' from 'C:\\Users\\DHLIM\\AppData\\Local\\Python\\pythoncore-3.14-64\\Lib\\site-packages\\PyInstaller\\hooks'
90814 INFO: Processing pre-safe-import-module hook 'hook-packaging.py' from 'C:\\Users\\DHLIM\\AppData\\Local\\Python\\pythoncore-3.14-64\\Lib\\site-packages\\PyInstaller\\hooks\\pre_safe_import_module'
92564 INFO: Processing standard module hook 'hook-matplotlib.backend_bases.py' from 'C:\\Users\\DHLIM\\AppData\\Local\\Python\\pythoncore-3.14-64\\Lib\\site-packages\\PyInstaller\\hooks'
93212 INFO: Processing standard module hook 'hook-PIL.py' from 'C:\\Users\\DHLIM\\AppData\\Local\\Python\\pythoncore-3.14-64\\Lib\\site-packages\\PyInstaller\\hooks'
93893 INFO: Processing standard module hook 'hook-PIL.Image.py' from 'C:\\Users\\DHLIM\\AppData\\Local\\Python\\pythoncore-3.14-64\\Lib\\site-packages\\PyInstaller\\hooks'
95711 INFO: Processing standard module hook 'hook-xml.etree.cElementTree.py' from 'C:\\Users\\DHLIM\\AppData\\Local\\Python\\pythoncore-3.14-64\\Lib\\site-packages\\PyInstaller\\hooks'
96723 INFO: Processing standard module hook 'hook-PIL.ImageFilter.py' from 'C:\\Users\\DHLIM\\AppData\\Local\\Python\\pythoncore-3.14-64\\Lib\\site-packages\\PyInstaller\\hooks'
102674 INFO: Processing standard module hook 'hook-jinja2.py' from 'C:\\Users\\DHLIM\\AppData\\Local\\Python\\pythoncore-3.14-64\\Lib\\site-packages\\_pyinstaller_hooks_contrib\\stdhooks'
105670 INFO: Processing standard module hook 'hook-matplotlib.backends.py' from 'C:\\Users\\DHLIM\\AppData\\Local\\Python\\pythoncore-3.14-64\\Lib\\site-packages\\PyInstaller\\hooks'
106210 INFO: Processing standard module hook 'hook-matplotlib.pyplot.py' from 'C:\\Users\\DHLIM\\AppData\\Local\\Python\\pythoncore-3.14-64\\Lib\\site-packages\\PyInstaller\\hooks'
112564 INFO: Processing standard module hook 'hook-dateutil.py' from 'C:\\Users\\DHLIM\\AppData\\Local\\Python\\pythoncore-3.14-64\\Lib\\site-packages\\_pyinstaller_hooks_contrib\\stdhooks'
113151 INFO: Processing pre-safe-import-module hook 'hook-six.moves.py' from 'C:\\Users\\DHLIM\\AppData\\Local\\Python\\pythoncore-3.14-64\\Lib\\site-packages\\PyInstaller\\hooks\\pre_safe_import_module'
124160 INFO: Processing pre-safe-import-module hook 'hook-gi.py' from 'C:\\Users\\DHLIM\\AppData\\Local\\Python\\pythoncore-3.14-64\\Lib\\site-packages\\PyInstaller\\hooks\\pre_safe_import_module'
124180 INFO: Processing standard module hook 'hook-certifi.py' from 'C:\\Users\\DHLIM\\AppData\\Local\\Python\\pythoncore-3.14-64\\Lib\\site-packages\\_pyinstaller_hooks_contrib\\stdhooks'
126841 INFO: Processing standard module hook 'hook-openpyxl.py' from 'C:\\Users\\DHLIM\\AppData\\Local\\Python\\pythoncore-3.14-64\\Lib\\site-packages\\_pyinstaller_hooks_contrib\\stdhooks'
139723 INFO: Processing standard module hook 'hook-sqlite3.py' from 'C:\\Users\\DHLIM\\AppData\\Local\\Python\\pythoncore-3.14-64\\Lib\\site-packages\\PyInstaller\\hooks'
141533 INFO: Processing standard module hook 'hook-pandas.io.clipboard.py' from 'C:\\Users\\DHLIM\\AppData\\Local\\Python\\pythoncore-3.14-64\\Lib\\site-packages\\PyInstaller\\hooks'
143851 INFO: Processing standard module hook 'hook-xml.dom.domreg.py' from 'C:\\Users\\DHLIM\\AppData\\Local\\Python\\pythoncore-3.14-64\\Lib\\site-packages\\PyInstaller\\hooks'
145829 INFO: Processing standard module hook 'hook-pytest.py' from 'C:\\Users\\DHLIM\\AppData\\Local\\Python\\pythoncore-3.14-64\\Lib\\site-packages\\_pyinstaller_hooks_contrib\\stdhooks'
147357 INFO: Processing standard module hook 'hook-pygments.py' from 'C:\\Users\\DHLIM\\AppData\\Local\\Python\\pythoncore-3.14-64\\Lib\\site-packages\\PyInstaller\\hooks'
154766 INFO: Processing standard module hook 'hook-py.py' from 'C:\\Users\\DHLIM\\AppData\\Local\\Python\\pythoncore-3.14-64\\Lib\\site-packages\\_pyinstaller_hooks_contrib\\stdhooks'
156799 INFO: Processing pre-safe-import-module hook 'hook-tomli.py' from 'C:\\Users\\DHLIM\\AppData\\Local\\Python\\pythoncore-3.14-64\\Lib\\site-packages\\PyInstaller\\hooks\\pre_safe_import_module'
156801 INFO: Setuptools: 'tomli' appears to be a setuptools-vendored copy - creating alias to 'setuptools._vendor.tomli'!
156820 INFO: Processing standard module hook 'hook-setuptools.py' from 'C:\\Users\\DHLIM\\AppData\\Local\\Python\\pythoncore-3.14-64\\Lib\\site-packages\\PyInstaller\\hooks'
156872 INFO: Processing pre-safe-import-module hook 'hook-distutils.py' from 'C:\\Users\\DHLIM\\AppData\\Local\\Python\\pythoncore-3.14-64\\Lib\\site-packages\\PyInstaller\\hooks\\pre_safe_import_module'
157026 INFO: Processing pre-safe-import-module hook 'hook-jaraco.py' from 'C:\\Users\\DHLIM\\AppData\\Local\\Python\\pythoncore-3.14-64\\Lib\\site-packages\\PyInstaller\\hooks\\pre_safe_import_module'
157027 INFO: Setuptools: 'jaraco' appears to be a full setuptools-vendored copy - creating alias to 'setuptools._vendor.jaraco'!
157076 INFO: Processing pre-safe-import-module hook 'hook-more_itertools.py' from 'C:\\Users\\DHLIM\\AppData\\Local\\Python\\pythoncore-3.14-64\\Lib\\site-packages\\PyInstaller\\hooks\\pre_safe_import_module'
157077 INFO: Setuptools: 'more_itertools' appears to be a setuptools-vendored copy - creating alias to 'setuptools._vendor.more_itertools'!
158678 INFO: Processing standard module hook 'hook-setuptools._vendor.jaraco.text.py' from 'C:\\Users\\DHLIM\\AppData\\Local\\Python\\pythoncore-3.14-64\\Lib\\site-packages\\PyInstaller\\hooks'
158685 INFO: Processing pre-safe-import-module hook 'hook-importlib_resources.py' from 'C:\\Users\\DHLIM\\AppData\\Local\\Python\\pythoncore-3.14-64\\Lib\\site-packages\\PyInstaller\\hooks\\pre_safe_import_module'
158733 INFO: Processing pre-safe-import-module hook 'hook-backports.py' from 'C:\\Users\\DHLIM\\AppData\\Local\\Python\\pythoncore-3.14-64\\Lib\\site-packages\\PyInstaller\\hooks\\pre_safe_import_module'
158734 INFO: Setuptools: 'backports' appears to be a full setuptools-vendored copy - creating alias to 'setuptools._vendor.backports'!
162175 INFO: Processing pre-safe-import-module hook 'hook-wheel.py' from 'C:\\Users\\DHLIM\\AppData\\Local\\Python\\pythoncore-3.14-64\\Lib\\site-packages\\PyInstaller\\hooks\\pre_safe_import_module'
162176 INFO: Setuptools: 'wheel' appears to be a setuptools-vendored copy - creating alias to 'setuptools._vendor.wheel'!
168745 INFO: Processing standard module hook 'hook-urllib3.py' from 'C:\\Users\\DHLIM\\AppData\\Local\\Python\\pythoncore-3.14-64\\Lib\\site-packages\\_pyinstaller_hooks_contrib\\stdhooks'
172119 INFO: Processing pre-safe-import-module hook 'hook-platformdirs.py' from 'C:\\Users\\DHLIM\\AppData\\Local\\Python\\pythoncore-3.14-64\\Lib\\site-packages\\PyInstaller\\hooks\\pre_safe_import_module'
172174 INFO: Processing standard module hook 'hook-platformdirs.py' from 'C:\\Users\\DHLIM\\AppData\\Local\\Python\\pythoncore-3.14-64\\Lib\\site-packages\\_pyinstaller_hooks_contrib\\stdhooks'
172828 INFO: Processing standard module hook 'hook-websockets.py' from 'C:\\Users\\DHLIM\\AppData\\Local\\Python\\pythoncore-3.14-64\\Lib\\site-packages\\_pyinstaller_hooks_contrib\\stdhooks'
181272 INFO: Analyzing hidden import 'yfinance.shared'
181276 INFO: Analyzing hidden import 'pykrx._version'
181280 INFO: Analyzing hidden import 'pykrx.website.krx.items'
181324 INFO: Processing module hooks (post-graph stage)...
182313 INFO: Processing standard module hook 'hook-matplotlib.backends.py' from 'C:\\Users\\DHLIM\\AppData\\Local\\Python\\pythoncore-3.14-64\\Lib\\site-packages\\PyInstaller\\hooks'
182315 INFO: Matplotlib backend selection method: automatic discovery of used backends
183807 INFO: Trying determine the default backend as first importable candidate from the list: ['QtAgg', 'Qt5Agg', 'Gtk4Agg', 'Gtk3Agg', 'TkAgg', 'WxAgg']
185726 INFO: Selected matplotlib backends: ['QtAgg']
185735 INFO: Processing standard module hook 'hook-matplotlib.backends.backend_qtagg.py' from 'C:\\Users\\DHLIM\\AppData\\Local\\Python\\pythoncore-3.14-64\\Lib\\site-packages\\PyInstaller\\hooks'
185755 INFO: Processing standard module hook 'hook-matplotlib.backends.qt_compat.py' from 'C:\\Users\\DHLIM\\AppData\\Local\\Python\\pythoncore-3.14-64\\Lib\\site-packages\\PyInstaller\\hooks'
187676 INFO: hook-matplotlib.backends.qt_compat: selected 'PySide6' as the only available Qt bindings.
187717 INFO: Processing standard module hook 'hook-PySide6.py' from 'C:\\Users\\DHLIM\\AppData\\Local\\Python\\pythoncore-3.14-64\\Lib\\site-packages\\PyInstaller\\hooks'
187752 INFO: Processing standard module hook 'hook-shiboken6.py' from 'C:\\Users\\DHLIM\\AppData\\Local\\Python\\pythoncore-3.14-64\\Lib\\site-packages\\PyInstaller\\hooks'
188878 INFO: Processing standard module hook 'hook-PySide6.QtNetwork.py' from 'C:\\Users\\DHLIM\\AppData\\Local\\Python\\pythoncore-3.14-64\\Lib\\site-packages\\PyInstaller\\hooks'
201085 INFO: Processing standard module hook 'hook-PySide6.QtCore.py' from 'C:\\Users\\DHLIM\\AppData\\Local\\Python\\pythoncore-3.14-64\\Lib\\site-packages\\PyInstaller\\hooks'
215788 INFO: Processing standard module hook 'hook-PySide6.QtGui.py' from 'C:\\Users\\DHLIM\\AppData\\Local\\Python\\pythoncore-3.14-64\\Lib\\site-packages\\PyInstaller\\hooks'
256949 INFO: Processing standard module hook 'hook-PySide6.QtWidgets.py' from 'C:\\Users\\DHLIM\\AppData\\Local\\Python\\pythoncore-3.14-64\\Lib\\site-packages\\PyInstaller\\hooks'
264741 INFO: Processing standard module hook 'hook-PySide6.QtSvg.py' from 'C:\\Users\\DHLIM\\AppData\\Local\\Python\\pythoncore-3.14-64\\Lib\\site-packages\\PyInstaller\\hooks'
268707 INFO: Processing standard module hook 'hook-PIL.SpiderImagePlugin.py' from 'C:\\Users\\DHLIM\\AppData\\Local\\Python\\pythoncore-3.14-64\\Lib\\site-packages\\PyInstaller\\hooks'
277612 INFO: Processing standard module hook 'hook-_tkinter.py' from 'C:\\Users\\DHLIM\\AppData\\Local\\Python\\pythoncore-3.14-64\\Lib\\site-packages\\PyInstaller\\hooks'
277704 INFO: Performing binary vs. data reclassification (2984 entries)
280231 INFO: Looking for ctypes DLLs
280569 INFO: Analyzing run-time hooks ...
280586 INFO: Including run-time hook 'pyi_rth_pkgutil.py' from 'C:\\Users\\DHLIM\\AppData\\Local\\Python\\pythoncore-3.14-64\\Lib\\site-packages\\PyInstaller\\hooks\\rthooks'
280595 INFO: Including run-time hook 'pyi_rth_multiprocessing.py' from 'C:\\Users\\DHLIM\\AppData\\Local\\Python\\pythoncore-3.14-64\\Lib\\site-packages\\PyInstaller\\hooks\\rthooks'
280600 INFO: Including run-time hook 'pyi_rth_inspect.py' from 'C:\\Users\\DHLIM\\AppData\\Local\\Python\\pythoncore-3.14-64\\Lib\\site-packages\\PyInstaller\\hooks\\rthooks'
280609 INFO: Including run-time hook 'pyi_rth_pyside6.py' from 'C:\\Users\\DHLIM\\AppData\\Local\\Python\\pythoncore-3.14-64\\Lib\\site-packages\\PyInstaller\\hooks\\rthooks'
280615 INFO: Processing pre-find-module-path hook 'hook-_pyi_rth_utils.py' from 'C:\\Users\\DHLIM\\AppData\\Local\\Python\\pythoncore-3.14-64\\Lib\\site-packages\\PyInstaller\\hooks\\pre_find_module_path'
280621 INFO: Processing standard module hook 'hook-_pyi_rth_utils.py' from 'C:\\Users\\DHLIM\\AppData\\Local\\Python\\pythoncore-3.14-64\\Lib\\site-packages\\PyInstaller\\hooks'
280631 INFO: Including run-time hook 'pyi_rth_mplconfig.py' from 'C:\\Users\\DHLIM\\AppData\\Local\\Python\\pythoncore-3.14-64\\Lib\\site-packages\\PyInstaller\\hooks\\rthooks'
280693 INFO: Including run-time hook 'pyi_rth_setuptools.py' from 'C:\\Users\\DHLIM\\AppData\\Local\\Python\\pythoncore-3.14-64\\Lib\\site-packages\\PyInstaller\\hooks\\rthooks'
280704 INFO: Including run-time hook 'pyi_rth__tkinter.py' from 'C:\\Users\\DHLIM\\AppData\\Local\\Python\\pythoncore-3.14-64\\Lib\\site-packages\\PyInstaller\\hooks\\rthooks'
280910 INFO: Creating base_library.zip...
280966 INFO: Looking for dynamic libraries
291892 INFO: Extra DLL search directories (AddDllDirectory): ['C:\\Users\\DHLIM\\AppData\\Local\\Python\\pythoncore-3.14-64\\Lib\\site-packages\\shiboken6', 'C:\\Users\\DHLIM\\AppData\\Local\\Python\\pythoncore-3.14-64\\Lib\\site-packages\\pandas.libs', 'C:\\Users\\DHLIM\\AppData\\Local\\Python\\pythoncore-3.14-64\\Lib\\site-packages\\numpy.libs']
291892 INFO: Extra DLL search directories (PATH): ['C:\\Users\\DHLIM\\AppData\\Local\\Python\\pythoncore-3.14-64\\Lib\\site-packages\\PySide6']
303136 INFO: Warnings written to d:\3. 업무 (GitHub)\Stock-CIO\build\STOCK-CIO\warn-STOCK-CIO.txt
303635 INFO: Graph cross-reference written to d:\3. 업무 (GitHub)\Stock-CIO\build\STOCK-CIO\xref-STOCK-CIO.html
303948 INFO: checking PYZ
303949 INFO: Building PYZ because PYZ-00.toc is non existent
303949 INFO: Building PYZ (ZlibArchive) d:\3. 업무 (GitHub)\Stock-CIO\build\STOCK-CIO\PYZ-00.pyz
307517 INFO: Building PYZ (ZlibArchive) d:\3. 업무 (GitHub)\Stock-CIO\build\STOCK-CIO\PYZ-00.pyz completed successfully.
307690 INFO: checking PKG
307691 INFO: Building PKG because PKG-00.toc is non existent
307691 INFO: Building PKG (CArchive) STOCK-CIO.pkg
307822 INFO: Building PKG (CArchive) STOCK-CIO.pkg completed successfully.
307829 INFO: Bootloader C:\Users\DHLIM\AppData\Local\Python\pythoncore-3.14-64\Lib\site-packages\PyInstaller\bootloader\Windows-64bit-intel\runw.exe
307829 INFO: checking EXE
307830 INFO: Building EXE because EXE-00.toc is non existent
307830 INFO: Building EXE from EXE-00.toc
307832 INFO: Copying bootloader EXE to d:\3. 업무 (GitHub)\Stock-CIO\build\STOCK-CIO\STOCK-CIO.exe
308049 INFO: Copying icon to EXE
308109 INFO: Copying 0 resources to EXE
308109 INFO: Embedding manifest in EXE
308181 INFO: Appending PKG archive to EXE
308215 INFO: Fixing EXE headers
308848 INFO: Building EXE from EXE-00.toc completed successfully.
308984 INFO: checking COLLECT
308985 INFO: Building COLLECT because COLLECT-00.toc is non existent
308986 INFO: Removing dir d:\3. 업무 (GitHub)\Stock-CIO\dist\STOCK-CIO
309134 INFO: Building COLLECT COLLECT-00.toc
334715 INFO: Building COLLECT COLLECT-00.toc completed successfully.
334987 INFO: Build complete! The results are available in: d:\3. 업무 (GitHub)\Stock-CIO\dist
